
> gad-tailwindui2@0.1.0 build
> next build

▲ Next.js 16.1.1 (Turbopack)

  Creating an optimized production build ...
✓ Compiled successfully in 25.1s
  Running TypeScript ...
  Collecting page data using 3 workers ...
  Generating static pages using 3 workers (0/72) ...

🔍 isLoaded check: false
REQUIRED_SECTIONS: [
  'personal',
  'profile_photo',
  'education',
  'service',
  'central_deputation',
  'training',
  'awards',
  'disability',
  'disciplinary'
]
sectionLoaded keys: []
sectionProgress keys: []
personal: loaded=undefined, progress=NO
profile_photo: loaded=undefined, progress=NO
education: loaded=undefined, progress=NO
service: loaded=undefined, progress=NO
central_deputation: loaded=undefined, progress=NO
training: loaded=undefined, progress=NO
awards: loaded=undefined, progress=NO
disability: loaded=undefined, progress=NO
disciplinary: loaded=undefined, progress=NO

🔍 isLoaded check: false
REQUIRED_SECTIONS: [
  'personal',
  'profile_photo',
  'education',
  'service',
  'central_deputation',
  'training',
  'awards',
  'disability',
  'disciplinary'
]
sectionLoaded keys: []
sectionProgress keys: []
personal: loaded=undefined, progress=NO
profile_photo: loaded=undefined, progress=NO
education: loaded=undefined, progress=NO
service: loaded=undefined, progress=NO
central_deputation: loaded=undefined, progress=NO
training: loaded=undefined, progress=NO
awards: loaded=undefined, progress=NO
disability: loaded=undefined, progress=NO
disciplinary: loaded=undefined, progress=NO

🔍 isLoaded check: false
REQUIRED_SECTIONS: [
  'personal',
  'profile_photo',
  'education',
  'service',
  'central_deputation',
  'training',
  'awards',
  'disability',
  'disciplinary'
]
sectionLoaded keys: []
sectionProgress keys: []
personal: loaded=undefined, progress=NO
profile_photo: loaded=undefined, progress=NO
education: loaded=undefined, progress=NO
service: loaded=undefined, progress=NO
central_deputation: loaded=undefined, progress=NO
training: loaded=undefined, progress=NO
awards: loaded=undefined, progress=NO
disability: loaded=undefined, progress=NO
disciplinary: loaded=undefined, progress=NO

🔍 isLoaded check: false
REQUIRED_SECTIONS: [
  'personal',
  'profile_photo',
  'education',
  'service',
  'central_deputation',
  'training',
  'awards',
  'disability',
  'disciplinary'
]
sectionLoaded keys: []
sectionProgress keys: []
personal: loaded=undefined, progress=NO
profile_photo: loaded=undefined, progress=NO
education: loaded=undefined, progress=NO
service: loaded=undefined, progress=NO
central_deputation: loaded=undefined, progress=NO
training: loaded=undefined, progress=NO
awards: loaded=undefined, progress=NO
disability: loaded=undefined, progress=NO
disciplinary: loaded=undefined, progress=NO

🔍 isLoaded check: false
REQUIRED_SECTIONS: [
  'personal',
  'profile_photo',
  'education',
  'service',
  'central_deputation',
  'training',
  'awards',
  'disability',
  'disciplinary'
]
sectionLoaded keys: []
sectionProgress keys: []
personal: loaded=undefined, progress=NO
profile_photo: loaded=undefined, progress=NO
education: loaded=undefined, progress=NO
service: loaded=undefined, progress=NO
central_deputation: loaded=undefined, progress=NO
training: loaded=undefined, progress=NO
awards: loaded=undefined, progress=NO
disability: loaded=undefined, progress=NO
disciplinary: loaded=undefined, progress=NO

🔍 isLoaded check: false
REQUIRED_SECTIONS: [
  'personal',
  'profile_photo',
  'education',
  'service',
  'central_deputation',
  'training',
  'awards',
  'disability',
  'disciplinary'
]
sectionLoaded keys: []
sectionProgress keys: []
personal: loaded=undefined, progress=NO
profile_photo: loaded=undefined, progress=NO
education: loaded=undefined, progress=NO
service: loaded=undefined, progress=NO
central_deputation: loaded=undefined, progress=NO
training: loaded=undefined, progress=NO
awards: loaded=undefined, progress=NO
disability: loaded=undefined, progress=NO
disciplinary: loaded=undefined, progress=NO

🔍 isLoaded check: false
REQUIRED_SECTIONS: [
  'personal',
  'profile_photo',
  'education',
  'service',
  'central_deputation',
  'training',
  'awards',
  'disability',
  'disciplinary'
]
sectionLoaded keys: []
sectionProgress keys: []
personal: loaded=undefined, progress=NO
profile_photo: loaded=undefined, progress=NO
education: loaded=undefined, progress=NO
service: loaded=undefined, progress=NO
central_deputation: loaded=undefined, progress=NO
training: loaded=undefined, progress=NO
awards: loaded=undefined, progress=NO
disability: loaded=undefined, progress=NO
disciplinary: loaded=undefined, progress=NO

🔍 isLoaded check: false
REQUIRED_SECTIONS: [
  'personal',
  'profile_photo',
  'education',
  'service',
  'central_deputation',
  'training',
  'awards',
  'disability',
  'disciplinary'
]
sectionLoaded keys: []
sectionProgress keys: []
personal: loaded=undefined, progress=NO
profile_photo: loaded=undefined, progress=NO
education: loaded=undefined, progress=NO
service: loaded=undefined, progress=NO
central_deputation: loaded=undefined, progress=NO
training: loaded=undefined, progress=NO
awards: loaded=undefined, progress=NO
disability: loaded=undefined, progress=NO
disciplinary: loaded=undefined, progress=NO

🔍 isLoaded check: false
REQUIRED_SECTIONS: [
  'personal',
  'profile_photo',
  'education',
  'service',
  'central_deputation',
  'training',
  'awards',
  'disability',
  'disciplinary'
]
sectionLoaded keys: []
sectionProgress keys: []
personal: loaded=undefined, progress=NO
profile_photo: loaded=undefined, progress=NO
education: loaded=undefined, progress=NO
service: loaded=undefined, progress=NO
central_deputation: loaded=undefined, progress=NO
training: loaded=undefined, progress=NO
awards: loaded=undefined, progress=NO
disability: loaded=undefined, progress=NO
disciplinary: loaded=undefined, progress=NO

🔍 isLoaded check: false
REQUIRED_SECTIONS: [
  'personal',
  'profile_photo',
  'education',
  'service',
  'central_deputation',
  'training',
  'awards',
  'disability',
  'disciplinary'
]
sectionLoaded keys: []
sectionProgress keys: []
personal: loaded=undefined, progress=NO
profile_photo: loaded=undefined, progress=NO
education: loaded=undefined, progress=NO
service: loaded=undefined, progress=NO
central_deputation: loaded=undefined, progress=NO
training: loaded=undefined, progress=NO
awards: loaded=undefined, progress=NO
disability: loaded=undefined, progress=NO
disciplinary: loaded=undefined, progress=NO

🔍 isLoaded check: false
REQUIRED_SECTIONS: [
  'personal',
  'profile_photo',
  'education',
  'service',
  'central_deputation',
  'training',
  'awards',
  'disability',
  'disciplinary'
]
sectionLoaded keys: []
sectionProgress keys: []
personal: loaded=undefined, progress=NO
profile_photo: loaded=undefined, progress=NO
education: loaded=undefined, progress=NO
service: loaded=undefined, progress=NO
central_deputation: loaded=undefined, progress=NO
training: loaded=undefined, progress=NO
awards: loaded=undefined, progress=NO
disability: loaded=undefined, progress=NO
disciplinary: loaded=undefined, progress=NO

🔍 isLoaded check: false
REQUIRED_SECTIONS: [
  'personal',
  'profile_photo',
  'education',
  'service',
  'central_deputation',
  'training',
  'awards',
  'disability',
  'disciplinary'
]
sectionLoaded keys: []
sectionProgress keys: []
personal: loaded=undefined, progress=NO
profile_photo: loaded=undefined, progress=NO
education: loaded=undefined, progress=NO
service: loaded=undefined, progress=NO
central_deputation: loaded=undefined, progress=NO
training: loaded=undefined, progress=NO
awards: loaded=undefined, progress=NO
disability: loaded=undefined, progress=NO
disciplinary: loaded=undefined, progress=NO

🔍 isLoaded check: false
REQUIRED_SECTIONS: [
  'personal',
  'profile_photo',
  'education',
  'service',
  'central_deputation',
  'training',
  'awards',
  'disability',
  'disciplinary'
]
sectionLoaded keys: []
sectionProgress keys: []
personal: loaded=undefined, progress=NO
profile_photo: loaded=undefined, progress=NO
education: loaded=undefined, progress=NO
service: loaded=undefined, progress=NO
central_deputation: loaded=undefined, progress=NO
training: loaded=undefined, progress=NO
awards: loaded=undefined, progress=NO
disability: loaded=undefined, progress=NO
disciplinary: loaded=undefined, progress=NO

🔍 isLoaded check: false
REQUIRED_SECTIONS: [
  'personal',
  'profile_photo',
  'education',
  'service',
  'central_deputation',
  'training',
  'awards',
  'disability',
  'disciplinary'
]
sectionLoaded keys: []
sectionProgress keys: []
personal: loaded=undefined, progress=NO
profile_photo: loaded=undefined, progress=NO
education: loaded=undefined, progress=NO
service: loaded=undefined, progress=NO
central_deputation: loaded=undefined, progress=NO
training: loaded=undefined, progress=NO
awards: loaded=undefined, progress=NO
disability: loaded=undefined, progress=NO
disciplinary: loaded=undefined, progress=NO

🔍 isLoaded check: false
REQUIRED_SECTIONS: [
  'personal',
  'profile_photo',
  'education',
  'service',
  'central_deputation',
  'training',
  'awards',
  'disability',
  'disciplinary'
]
sectionLoaded keys: []
sectionProgress keys: []
personal: loaded=undefined, progress=NO
profile_photo: loaded=undefined, progress=NO
education: loaded=undefined, progress=NO
service: loaded=undefined, progress=NO
central_deputation: loaded=undefined, progress=NO
training: loaded=undefined, progress=NO
awards: loaded=undefined, progress=NO
disability: loaded=undefined, progress=NO
disciplinary: loaded=undefined, progress=NO

🔍 isLoaded check: false
REQUIRED_SECTIONS: [
  'personal',
  'profile_photo',
  'education',
  'service',
  'central_deputation',
  'training',
  'awards',
  'disability',
  'disciplinary'
]
sectionLoaded keys: []
sectionProgress keys: []
personal: loaded=undefined, progress=NO
profile_photo: loaded=undefined, progress=NO
education: loaded=undefined, progress=NO
service: loaded=undefined, progress=NO
central_deputation: loaded=undefined, progress=NO
training: loaded=undefined, progress=NO
awards: loaded=undefined, progress=NO
disability: loaded=undefined, progress=NO
disciplinary: loaded=undefined, progress=NO

🔍 isLoaded check: false
REQUIRED_SECTIONS: [
  'personal',
  'profile_photo',
  'education',
  'service',
  'central_deputation',
  'training',
  'awards',
  'disability',
  'disciplinary'
]
sectionLoaded keys: []
sectionProgress keys: []
personal: loaded=undefined, progress=NO
profile_photo: loaded=undefined, progress=NO
education: loaded=undefined, progress=NO
service: loaded=undefined, progress=NO
central_deputation: loaded=undefined, progress=NO
training: loaded=undefined, progress=NO
awards: loaded=undefined, progress=NO
disability: loaded=undefined, progress=NO
disciplinary: loaded=undefined, progress=NO

🔍 isLoaded check: false
REQUIRED_SECTIONS: [
  'personal',
  'profile_photo',
  'education',
  'service',
  'central_deputation',
  'training',
  'awards',
  'disability',
  'disciplinary'
]
sectionLoaded keys: []
sectionProgress keys: []
personal: loaded=undefined, progress=NO
profile_photo: loaded=undefined, progress=NO
education: loaded=undefined, progress=NO
service: loaded=undefined, progress=NO
central_deputation: loaded=undefined, progress=NO
training: loaded=undefined, progress=NO
awards: loaded=undefined, progress=NO
disability: loaded=undefined, progress=NO
disciplinary: loaded=undefined, progress=NO

🔍 isLoaded check: false
REQUIRED_SECTIONS: [
  'personal',
  'profile_photo',
  'education',
  'service',
  'central_deputation',
  'training',
  'awards',
  'disability',
  'disciplinary'
]
sectionLoaded keys: []
sectionProgress keys: []
personal: loaded=undefined, progress=NO
profile_photo: loaded=undefined, progress=NO
education: loaded=undefined, progress=NO
service: loaded=undefined, progress=NO
central_deputation: loaded=undefined, progress=NO
training: loaded=undefined, progress=NO
awards: loaded=undefined, progress=NO
disability: loaded=undefined, progress=NO
disciplinary: loaded=undefined, progress=NO

🔍 isLoaded check: false
REQUIRED_SECTIONS: [
  'personal',
  'profile_photo',
  'education',
  'service',
  'central_deputation',
  'training',
  'awards',
  'disability',
  'disciplinary'
]
sectionLoaded keys: []
sectionProgress keys: []
personal: loaded=undefined, progress=NO
profile_photo: loaded=undefined, progress=NO
education: loaded=undefined, progress=NO
service: loaded=undefined, progress=NO
central_deputation: loaded=undefined, progress=NO
training: loaded=undefined, progress=NO
awards: loaded=undefined, progress=NO
disability: loaded=undefined, progress=NO
disciplinary: loaded=undefined, progress=NO

🔍 isLoaded check: false
REQUIRED_SECTIONS: [
  'personal',
  'profile_photo',
  'education',
  'service',
  'central_deputation',
  'training',
  'awards',
  'disability',
  'disciplinary'
]
sectionLoaded keys: []
sectionProgress keys: []
personal: loaded=undefined, progress=NO
profile_photo: loaded=undefined, progress=NO
education: loaded=undefined, progress=NO
service: loaded=undefined, progress=NO

🔍 isLoaded check: false
REQUIRED_SECTIONS: [
  'personal',
  'profile_photo',
  'education',
  'service',
  'central_deputation',
  'training',
  'awards',
  'disability',
  'disciplinary'
]
central_deputation: loaded=undefined, progress=NO
training: loaded=undefined, progress=NO
awards: loaded=undefined, progress=NO
disability: loaded=undefined, progress=NO
disciplinary: loaded=undefined, progress=NO
sectionLoaded keys: []
sectionProgress keys: []
personal: loaded=undefined, progress=NO
profile_photo: loaded=undefined, progress=NO
education: loaded=undefined, progress=NO
service: loaded=undefined, progress=NO
central_deputation: loaded=undefined, progress=NO
training: loaded=undefined, progress=NO
awards: loaded=undefined, progress=NO
disability: loaded=undefined, progress=NO
disciplinary: loaded=undefined, progress=NO

🔍 isLoaded check: false
REQUIRED_SECTIONS: [
  'personal',
  'profile_photo',
  'education',
  'service',
  'central_deputation',
  'training',
  'awards',
  'disability',
  'disciplinary'
]
sectionLoaded keys: []
sectionProgress keys: []
personal: loaded=undefined, progress=NO
profile_photo: loaded=undefined, progress=NO
education: loaded=undefined, progress=NO
service: loaded=undefined, progress=NO
central_deputation: loaded=undefined, progress=NO
training: loaded=undefined, progress=NO
awards: loaded=undefined, progress=NO
disability: loaded=undefined, progress=NO
disciplinary: loaded=undefined, progress=NO

🔍 isLoaded check: false
REQUIRED_SECTIONS: [
  'personal',
  'profile_photo',
  'education',
  'service',
  'central_deputation',
  'training',
  'awards',
  'disability',
  'disciplinary'
]
sectionLoaded keys: []
sectionProgress keys: []
personal: loaded=undefined, progress=NO
profile_photo: loaded=undefined, progress=NO
education: loaded=undefined, progress=NO
service: loaded=undefined, progress=NO
central_deputation: loaded=undefined, progress=NO
training: loaded=undefined, progress=NO
awards: loaded=undefined, progress=NO
disability: loaded=undefined, progress=NO
disciplinary: loaded=undefined, progress=NO
  Generating static pages using 3 workers (18/72)

🔍 isLoaded check: false
REQUIRED_SECTIONS: [
  'personal',
  'profile_photo',
  'education',
  'service',
  'central_deputation',
  'training',
  'awards',
  'disability',
  'disciplinary'
]
sectionLoaded keys: []
sectionProgress keys: []
personal: loaded=undefined, progress=NO
profile_photo: loaded=undefined, progress=NO
education: loaded=undefined, progress=NO
service: loaded=undefined, progress=NO
central_deputation: loaded=undefined, progress=NO
training: loaded=undefined, progress=NO
awards: loaded=undefined, progress=NO
disability: loaded=undefined, progress=NO
disciplinary: loaded=undefined, progress=NO

🔍 isLoaded check: false
REQUIRED_SECTIONS: [
  'personal',
  'profile_photo',
  'education',
  'service',
  'central_deputation',
  'training',
  'awards',
  'disability',
  'disciplinary'
]
sectionLoaded keys: []
sectionProgress keys: []
personal: loaded=undefined, progress=NO
profile_photo: loaded=undefined, progress=NO
education: loaded=undefined, progress=NO
service: loaded=undefined, progress=NO
central_deputation: loaded=undefined, progress=NO
training: loaded=undefined, progress=NO
awards: loaded=undefined, progress=NO
disability: loaded=undefined, progress=NO
disciplinary: loaded=undefined, progress=NO

🔍 isLoaded check: false
REQUIRED_SECTIONS: [
  'personal',
  'profile_photo',
  'education',
  'service',
  'central_deputation',
  'training',
  'awards',
  'disability',
  'disciplinary'
]
sectionLoaded keys: []
sectionProgress keys: []
personal: loaded=undefined, progress=NO
profile_photo: loaded=undefined, progress=NO
education: loaded=undefined, progress=NO
service: loaded=undefined, progress=NO
central_deputation: loaded=undefined, progress=NO
training: loaded=undefined, progress=NO
awards: loaded=undefined, progress=NO
disability: loaded=undefined, progress=NO
disciplinary: loaded=undefined, progress=NO

🔍 isLoaded check: false
REQUIRED_SECTIONS: [
  'personal',
  'profile_photo',
  'education',
  'service',
  'central_deputation',
  'training',
  'awards',
  'disability',
  'disciplinary'
]
sectionLoaded keys: []
sectionProgress keys: []
personal: loaded=undefined, progress=NO
profile_photo: loaded=undefined, progress=NO
education: loaded=undefined, progress=NO
service: loaded=undefined, progress=NO
central_deputation: loaded=undefined, progress=NO
training: loaded=undefined, progress=NO
awards: loaded=undefined, progress=NO
disability: loaded=undefined, progress=NO
disciplinary: loaded=undefined, progress=NO

🔍 isLoaded check: false
REQUIRED_SECTIONS: [
  'personal',
  'profile_photo',
  'education',
  'service',
  'central_deputation',
  'training',
  'awards',
  'disability',
  'disciplinary'
]
sectionLoaded keys: []
sectionProgress keys: []
personal: loaded=undefined, progress=NO
profile_photo: loaded=undefined, progress=NO
education: loaded=undefined, progress=NO
service: loaded=undefined, progress=NO
central_deputation: loaded=undefined, progress=NO
training: loaded=undefined, progress=NO
awards: loaded=undefined, progress=NO
disability: loaded=undefined, progress=NO
disciplinary: loaded=undefined, progress=NO

🔍 isLoaded check: false
REQUIRED_SECTIONS: [
  'personal',
  'profile_photo',
  'education',
  'service',
  'central_deputation',
  'training',
  'awards',
  'disability',
  'disciplinary'
]
sectionLoaded keys: []
sectionProgress keys: []
personal: loaded=undefined, progress=NO
profile_photo: loaded=undefined, progress=NO
education: loaded=undefined, progress=NO
service: loaded=undefined, progress=NO
central_deputation: loaded=undefined, progress=NO
training: loaded=undefined, progress=NO
awards: loaded=undefined, progress=NO
disability: loaded=undefined, progress=NO
disciplinary: loaded=undefined, progress=NO

🔍 isLoaded check: false
REQUIRED_SECTIONS: [
  'personal',
  'profile_photo',
  'education',
  'service',
  'central_deputation',
  'training',
  'awards',
  'disability',
  'disciplinary'
]
sectionLoaded keys: []
sectionProgress keys: []
personal: loaded=undefined, progress=NO
profile_photo: loaded=undefined, progress=NO
education: loaded=undefined, progress=NO
service: loaded=undefined, progress=NO
central_deputation: loaded=undefined, progress=NO
training: loaded=undefined, progress=NO
awards: loaded=undefined, progress=NO
disability: loaded=undefined, progress=NO
disciplinary: loaded=undefined, progress=NO

🔍 isLoaded check: false
REQUIRED_SECTIONS: [
  'personal',
  'profile_photo',
  'education',
  'service',
  'central_deputation',
  'training',
  'awards',
  'disability',
  'disciplinary'
]
sectionLoaded keys: []
sectionProgress keys: []
personal: loaded=undefined, progress=NO
profile_photo: loaded=undefined, progress=NO
education: loaded=undefined, progress=NO
service: loaded=undefined, progress=NO
central_deputation: loaded=undefined, progress=NO
training: loaded=undefined, progress=NO
awards: loaded=undefined, progress=NO
disability: loaded=undefined, progress=NO
disciplinary: loaded=undefined, progress=NO

🔍 isLoaded check: false
REQUIRED_SECTIONS: [
  'personal',
  'profile_photo',
  'education',
  'service',
  'central_deputation',
  'training',
  'awards',
  'disability',
  'disciplinary'
]
sectionLoaded keys: []
sectionProgress keys: []
personal: loaded=undefined, progress=NO
profile_photo: loaded=undefined, progress=NO
education: loaded=undefined, progress=NO
service: loaded=undefined, progress=NO
central_deputation: loaded=undefined, progress=NO
training: loaded=undefined, progress=NO
awards: loaded=undefined, progress=NO
disability: loaded=undefined, progress=NO
disciplinary: loaded=undefined, progress=NO

🔍 isLoaded check: false
REQUIRED_SECTIONS: [
  'personal',
  'profile_photo',
  'education',
  'service',
  'central_deputation',
  'training',
  'awards',
  'disability',
  'disciplinary'
]
sectionLoaded keys: []
sectionProgress keys: []
personal: loaded=undefined, progress=NO
profile_photo: loaded=undefined, progress=NO
education: loaded=undefined, progress=NO
service: loaded=undefined, progress=NO
central_deputation: loaded=undefined, progress=NO
training: loaded=undefined, progress=NO
awards: loaded=undefined, progress=NO
disability: loaded=undefined, progress=NO
disciplinary: loaded=undefined, progress=NO

🔍 isLoaded check: false
REQUIRED_SECTIONS: [
  'personal',
  'profile_photo',
  'education',
  'service',
  'central_deputation',
  'training',
  'awards',
  'disability',
  'disciplinary'
]
sectionLoaded keys: []
sectionProgress keys: []
personal: loaded=undefined, progress=NO
profile_photo: loaded=undefined, progress=NO
education: loaded=undefined, progress=NO
service: loaded=undefined, progress=NO
central_deputation: loaded=undefined, progress=NO
training: loaded=undefined, progress=NO
awards: loaded=undefined, progress=NO
disability: loaded=undefined, progress=NO
disciplinary: loaded=undefined, progress=NO

🔍 isLoaded check: false
REQUIRED_SECTIONS: [
  'personal',
  'profile_photo',
  'education',
  'service',
  'central_deputation',
  'training',
  'awards',
  'disability',
  'disciplinary'
]
sectionLoaded keys: []
sectionProgress keys: []
personal: loaded=undefined, progress=NO
profile_photo: loaded=undefined, progress=NO
education: loaded=undefined, progress=NO
service: loaded=undefined, progress=NO
central_deputation: loaded=undefined, progress=NO
training: loaded=undefined, progress=NO
awards: loaded=undefined, progress=NO
disability: loaded=undefined, progress=NO
disciplinary: loaded=undefined, progress=NO

🔍 isLoaded check: false
REQUIRED_SECTIONS: [
  'personal',
  'profile_photo',
  'education',
  'service',
  'central_deputation',
  'training',
  'awards',
  'disability',
  'disciplinary'
]
sectionLoaded keys: []
sectionProgress keys: []
personal: loaded=undefined, progress=NO
profile_photo: loaded=undefined, progress=NO
education: loaded=undefined, progress=NO
service: loaded=undefined, progress=NO
central_deputation: loaded=undefined, progress=NO
training: loaded=undefined, progress=NO
awards: loaded=undefined, progress=NO
disability: loaded=undefined, progress=NO
disciplinary: loaded=undefined, progress=NO

🔍 isLoaded check: false
REQUIRED_SECTIONS: [
  'personal',
  'profile_photo',
  'education',
  'service',
  'central_deputation',
  'training',
  'awards',
  'disability',
  'disciplinary'
]
sectionLoaded keys: []
sectionProgress keys: []
personal: loaded=undefined, progress=NO
profile_photo: loaded=undefined, progress=NO
education: loaded=undefined, progress=NO
service: loaded=undefined, progress=NO
central_deputation: loaded=undefined, progress=NO
training: loaded=undefined, progress=NO
awards: loaded=undefined, progress=NO
disability: loaded=undefined, progress=NO
disciplinary: loaded=undefined, progress=NO

🔍 isLoaded check: false
REQUIRED_SECTIONS: [
  'personal',
  'profile_photo',
  'education',
  'service',
  'central_deputation',
  'training',
  'awards',
  'disability',
  'disciplinary'
]
sectionLoaded keys: []
sectionProgress keys: []
personal: loaded=undefined, progress=NO
profile_photo: loaded=undefined, progress=NO
education: loaded=undefined, progress=NO
service: loaded=undefined, progress=NO
central_deputation: loaded=undefined, progress=NO
training: loaded=undefined, progress=NO
awards: loaded=undefined, progress=NO
disability: loaded=undefined, progress=NO
disciplinary: loaded=undefined, progress=NO

🔍 isLoaded check: false
REQUIRED_SECTIONS: [
  'personal',
  'profile_photo',
  'education',
  'service',
  'central_deputation',
  'training',
  'awards',
  'disability',
  'disciplinary'
]
sectionLoaded keys: []
sectionProgress keys: []
personal: loaded=undefined, progress=NO
profile_photo: loaded=undefined, progress=NO
education: loaded=undefined, progress=NO
service: loaded=undefined, progress=NO
central_deputation: loaded=undefined, progress=NO
training: loaded=undefined, progress=NO
awards: loaded=undefined, progress=NO
disability: loaded=undefined, progress=NO
disciplinary: loaded=undefined, progress=NO

🔍 isLoaded check: false
REQUIRED_SECTIONS: [
  'personal',
  'profile_photo',
  'education',
  'service',
  'central_deputation',
  'training',
  'awards',
  'disability',
  'disciplinary'
]
sectionLoaded keys: []
sectionProgress keys: []
personal: loaded=undefined, progress=NO
profile_photo: loaded=undefined, progress=NO
education: loaded=undefined, progress=NO
service: loaded=undefined, progress=NO
central_deputation: loaded=undefined, progress=NO
training: loaded=undefined, progress=NO
awards: loaded=undefined, progress=NO
disability: loaded=undefined, progress=NO
disciplinary: loaded=undefined, progress=NO

🔍 isLoaded check: false
REQUIRED_SECTIONS: [
  'personal',
  'profile_photo',
  'education',
  'service',
  'central_deputation',
  'training',
  'awards',
  'disability',
  'disciplinary'
]
sectionLoaded keys: []
sectionProgress keys: []
personal: loaded=undefined, progress=NO
profile_photo: loaded=undefined, progress=NO
education: loaded=undefined, progress=NO
service: loaded=undefined, progress=NO
central_deputation: loaded=undefined, progress=NO
training: loaded=undefined, progress=NO
awards: loaded=undefined, progress=NO
disability: loaded=undefined, progress=NO
disciplinary: loaded=undefined, progress=NO

🔍 isLoaded check: false
REQUIRED_SECTIONS: [
  'personal',
  'profile_photo',
  'education',
  'service',
  'central_deputation',
  'training',
  'awards',
  'disability',
  'disciplinary'
]
sectionLoaded keys: []
sectionProgress keys: []
personal: loaded=undefined, progress=NO
profile_photo: loaded=undefined, progress=NO
education: loaded=undefined, progress=NO
service: loaded=undefined, progress=NO
central_deputation: loaded=undefined, progress=NO
training: loaded=undefined, progress=NO
awards: loaded=undefined, progress=NO
disability: loaded=undefined, progress=NO
disciplinary: loaded=undefined, progress=NO
  Generating static pages using 3 workers (36/72)

🔍 isLoaded check: false
REQUIRED_SECTIONS: [
  'personal',
  'profile_photo',
  'education',
  'service',
  'central_deputation',
  'training',
  'awards',
  'disability',
  'disciplinary'
]
sectionLoaded keys: []
sectionProgress keys: []
personal: loaded=undefined, progress=NO
profile_photo: loaded=undefined, progress=NO
education: loaded=undefined, progress=NO
service: loaded=undefined, progress=NO
central_deputation: loaded=undefined, progress=NO
training: loaded=undefined, progress=NO
awards: loaded=undefined, progress=NO
disability: loaded=undefined, progress=NO
disciplinary: loaded=undefined, progress=NO

🔍 isLoaded check: false
REQUIRED_SECTIONS: [
  'personal',
  'profile_photo',
  'education',
  'service',
  'central_deputation',
  'training',
  'awards',
  'disability',
  'disciplinary'
]
sectionLoaded keys: []
sectionProgress keys: []
personal: loaded=undefined, progress=NO
profile_photo: loaded=undefined, progress=NO
education: loaded=undefined, progress=NO
service: loaded=undefined, progress=NO
central_deputation: loaded=undefined, progress=NO
training: loaded=undefined, progress=NO
awards: loaded=undefined, progress=NO
disability: loaded=undefined, progress=NO
disciplinary: loaded=undefined, progress=NO

🔍 isLoaded check: false
REQUIRED_SECTIONS: [
  'personal',
  'profile_photo',
  'education',
  'service',
  'central_deputation',
  'training',
  'awards',
  'disability',
  'disciplinary'
]
sectionLoaded keys: []
sectionProgress keys: []
personal: loaded=undefined, progress=NO
profile_photo: loaded=undefined, progress=NO
education: loaded=undefined, progress=NO
service: loaded=undefined, progress=NO
central_deputation: loaded=undefined, progress=NO
training: loaded=undefined, progress=NO
awards: loaded=undefined, progress=NO
disability: loaded=undefined, progress=NO
disciplinary: loaded=undefined, progress=NO

🔍 isLoaded check: false
REQUIRED_SECTIONS: [
  'personal',
  'profile_photo',
  'education',
  'service',
  'central_deputation',
  'training',
  'awards',
  'disability',
  'disciplinary'
]
sectionLoaded keys: []
sectionProgress keys: []
personal: loaded=undefined, progress=NO
profile_photo: loaded=undefined, progress=NO
education: loaded=undefined, progress=NO
service: loaded=undefined, progress=NO
central_deputation: loaded=undefined, progress=NO
training: loaded=undefined, progress=NO
awards: loaded=undefined, progress=NO
disability: loaded=undefined, progress=NO
disciplinary: loaded=undefined, progress=NO

🔍 isLoaded check: false
REQUIRED_SECTIONS: [
  'personal',
  'profile_photo',
  'education',
  'service',
  'central_deputation',
  'training',
  'awards',
  'disability',
  'disciplinary'
]
sectionLoaded keys: []
sectionProgress keys: []
personal: loaded=undefined, progress=NO
profile_photo: loaded=undefined, progress=NO
education: loaded=undefined, progress=NO
service: loaded=undefined, progress=NO
central_deputation: loaded=undefined, progress=NO
training: loaded=undefined, progress=NO
awards: loaded=undefined, progress=NO
disability: loaded=undefined, progress=NO
disciplinary: loaded=undefined, progress=NO

🔍 isLoaded check: false
REQUIRED_SECTIONS: [
  'personal',
  'profile_photo',
  'education',
  'service',
  'central_deputation',
  'training',
  'awards',
  'disability',
  'disciplinary'
]
sectionLoaded keys: []
sectionProgress keys: []
personal: loaded=undefined, progress=NO
profile_photo: loaded=undefined, progress=NO
education: loaded=undefined, progress=NO
service: loaded=undefined, progress=NO
central_deputation: loaded=undefined, progress=NO
training: loaded=undefined, progress=NO
awards: loaded=undefined, progress=NO
disability: loaded=undefined, progress=NO
disciplinary: loaded=undefined, progress=NO

🔍 isLoaded check: false
REQUIRED_SECTIONS: [
  'personal',
  'profile_photo',
  'education',
  'service',
  'central_deputation',
  'training',
  'awards',
  'disability',
  'disciplinary'
]
sectionLoaded keys: []
sectionProgress keys: []
personal: loaded=undefined, progress=NO
profile_photo: loaded=undefined, progress=NO
education: loaded=undefined, progress=NO
service: loaded=undefined, progress=NO
central_deputation: loaded=undefined, progress=NO
training: loaded=undefined, progress=NO
awards: loaded=undefined, progress=NO
disability: loaded=undefined, progress=NO
disciplinary: loaded=undefined, progress=NO

🔍 isLoaded check: false
REQUIRED_SECTIONS: [
  'personal',
  'profile_photo',
  'education',
  'service',
  'central_deputation',
  'training',
  'awards',
  'disability',
  'disciplinary'
]
sectionLoaded keys: []
sectionProgress keys: []
personal: loaded=undefined, progress=NO
profile_photo: loaded=undefined, progress=NO
education: loaded=undefined, progress=NO
service: loaded=undefined, progress=NO
central_deputation: loaded=undefined, progress=NO
training: loaded=undefined, progress=NO
awards: loaded=undefined, progress=NO
disability: loaded=undefined, progress=NO
disciplinary: loaded=undefined, progress=NO

🔍 isLoaded check: false
REQUIRED_SECTIONS: [
  'personal',
  'profile_photo',
  'education',
  'service',
  'central_deputation',
  'training',
  'awards',
  'disability',
  'disciplinary'
]
sectionLoaded keys: []
sectionProgress keys: []
personal: loaded=undefined, progress=NO
profile_photo: loaded=undefined, progress=NO
education: loaded=undefined, progress=NO
service: loaded=undefined, progress=NO
central_deputation: loaded=undefined, progress=NO
training: loaded=undefined, progress=NO
awards: loaded=undefined, progress=NO
disability: loaded=undefined, progress=NO
disciplinary: loaded=undefined, progress=NO

🔍 isLoaded check: false
REQUIRED_SECTIONS: [
  'personal',
  'profile_photo',
  'education',
  'service',
  'central_deputation',
  'training',
  'awards',
  'disability',
  'disciplinary'
]
sectionLoaded keys: []
sectionProgress keys: []
personal: loaded=undefined, progress=NO
profile_photo: loaded=undefined, progress=NO
education: loaded=undefined, progress=NO
service: loaded=undefined, progress=NO
central_deputation: loaded=undefined, progress=NO
training: loaded=undefined, progress=NO
awards: loaded=undefined, progress=NO
disability: loaded=undefined, progress=NO
disciplinary: loaded=undefined, progress=NO

🔍 isLoaded check: false
REQUIRED_SECTIONS: [
  'personal',
  'profile_photo',
  'education',
  'service',
  'central_deputation',
  'training',
  'awards',
  'disability',
  'disciplinary'
]
sectionLoaded keys: []
sectionProgress keys: []
personal: loaded=undefined, progress=NO
profile_photo: loaded=undefined, progress=NO
education: loaded=undefined, progress=NO
service: loaded=undefined, progress=NO
central_deputation: loaded=undefined, progress=NO
training: loaded=undefined, progress=NO
awards: loaded=undefined, progress=NO
disability: loaded=undefined, progress=NO
disciplinary: loaded=undefined, progress=NO

🔍 isLoaded check: false
REQUIRED_SECTIONS: [
  'personal',
  'profile_photo',
  'education',
  'service',
  'central_deputation',
  'training',
  'awards',
  'disability',
  'disciplinary'
]
sectionLoaded keys: []
sectionProgress keys: []
personal: loaded=undefined, progress=NO
profile_photo: loaded=undefined, progress=NO
education: loaded=undefined, progress=NO
service: loaded=undefined, progress=NO
central_deputation: loaded=undefined, progress=NO
training: loaded=undefined, progress=NO
awards: loaded=undefined, progress=NO
disability: loaded=undefined, progress=NO
disciplinary: loaded=undefined, progress=NO

🔍 isLoaded check: false
REQUIRED_SECTIONS: [
  'personal',
  'profile_photo',
  'education',
  'service',
  'central_deputation',
  'training',
  'awards',
  'disability',
  'disciplinary'
]
sectionLoaded keys: []
sectionProgress keys: []
personal: loaded=undefined, progress=NO
profile_photo: loaded=undefined, progress=NO
education: loaded=undefined, progress=NO
service: loaded=undefined, progress=NO
central_deputation: loaded=undefined, progress=NO
training: loaded=undefined, progress=NO
awards: loaded=undefined, progress=NO
disability: loaded=undefined, progress=NO
disciplinary: loaded=undefined, progress=NO

🔍 isLoaded check: false
REQUIRED_SECTIONS: [
  'personal',
  'profile_photo',
  'education',
  'service',
  'central_deputation',
  'training',
  'awards',
  'disability',
  'disciplinary'
]
sectionLoaded keys: []
sectionProgress keys: []
personal: loaded=undefined, progress=NO
profile_photo: loaded=undefined, progress=NO
education: loaded=undefined, progress=NO
service: loaded=undefined, progress=NO
central_deputation: loaded=undefined, progress=NO
training: loaded=undefined, progress=NO
awards: loaded=undefined, progress=NO
disability: loaded=undefined, progress=NO
disciplinary: loaded=undefined, progress=NO

🔍 isLoaded check: false
REQUIRED_SECTIONS: [
  'personal',
  'profile_photo',
  'education',
  'service',
  'central_deputation',
  'training',
  'awards',
  'disability',
  'disciplinary'
]
sectionLoaded keys: []
sectionProgress keys: []
personal: loaded=undefined, progress=NO
profile_photo: loaded=undefined, progress=NO
education: loaded=undefined, progress=NO
service: loaded=undefined, progress=NO
central_deputation: loaded=undefined, progress=NO
training: loaded=undefined, progress=NO
awards: loaded=undefined, progress=NO
disability: loaded=undefined, progress=NO
disciplinary: loaded=undefined, progress=NO

🔍 isLoaded check: false
REQUIRED_SECTIONS: [
  'personal',
  'profile_photo',
  'education',
  'service',
  'central_deputation',
  'training',
  'awards',
  'disability',
  'disciplinary'
]
sectionLoaded keys: []
sectionProgress keys: []
personal: loaded=undefined, progress=NO
profile_photo: loaded=undefined, progress=NO
education: loaded=undefined, progress=NO
service: loaded=undefined, progress=NO
central_deputation: loaded=undefined, progress=NO
training: loaded=undefined, progress=NO
awards: loaded=undefined, progress=NO
disability: loaded=undefined, progress=NO
disciplinary: loaded=undefined, progress=NO

🔍 isLoaded check: false
REQUIRED_SECTIONS: [
  'personal',
  'profile_photo',
  'education',
  'service',
  'central_deputation',
  'training',
  'awards',
  'disability',
  'disciplinary'
]
sectionLoaded keys: []
sectionProgress keys: []
personal: loaded=undefined, progress=NO
profile_photo: loaded=undefined, progress=NO
education: loaded=undefined, progress=NO
service: loaded=undefined, progress=NO
central_deputation: loaded=undefined, progress=NO
training: loaded=undefined, progress=NO
awards: loaded=undefined, progress=NO
disability: loaded=undefined, progress=NO
disciplinary: loaded=undefined, progress=NO

🔍 isLoaded check: false
REQUIRED_SECTIONS: [
  'personal',
  'profile_photo',
  'education',
  'service',
  'central_deputation',
  'training',
  'awards',
  'disability',
  'disciplinary'
]
sectionLoaded keys: []
sectionProgress keys: []
personal: loaded=undefined, progress=NO
profile_photo: loaded=undefined, progress=NO
education: loaded=undefined, progress=NO
service: loaded=undefined, progress=NO
central_deputation: loaded=undefined, progress=NO
training: loaded=undefined, progress=NO
awards: loaded=undefined, progress=NO
disability: loaded=undefined, progress=NO
disciplinary: loaded=undefined, progress=NO

🔍 isLoaded check: false
REQUIRED_SECTIONS: [
  'personal',
  'profile_photo',
  'education',
  'service',
  'central_deputation',
  'training',
  'awards',
  'disability',
  'disciplinary'
]
sectionLoaded keys: []
sectionProgress keys: []
personal: loaded=undefined, progress=NO
profile_photo: loaded=undefined, progress=NO
education: loaded=undefined, progress=NO
service: loaded=undefined, progress=NO
central_deputation: loaded=undefined, progress=NO
training: loaded=undefined, progress=NO
awards: loaded=undefined, progress=NO
disability: loaded=undefined, progress=NO
disciplinary: loaded=undefined, progress=NO

🔍 isLoaded check: false
REQUIRED_SECTIONS: [
  'personal',
  'profile_photo',
  'education',
  'service',
  'central_deputation',
  'training',
  'awards',
  'disability',
  'disciplinary'
]
sectionLoaded keys: []
sectionProgress keys: []
personal: loaded=undefined, progress=NO
profile_photo: loaded=undefined, progress=NO
education: loaded=undefined, progress=NO
service: loaded=undefined, progress=NO
central_deputation: loaded=undefined, progress=NO
training: loaded=undefined, progress=NO
awards: loaded=undefined, progress=NO
disability: loaded=undefined, progress=NO
disciplinary: loaded=undefined, progress=NO

🔍 isLoaded check: false
REQUIRED_SECTIONS: [
  'personal',
  'profile_photo',
  'education',
  'service',
  'central_deputation',
  'training',
  'awards',
  'disability',
  'disciplinary'
]
sectionLoaded keys: []
sectionProgress keys: []
personal: loaded=undefined, progress=NO
profile_photo: loaded=undefined, progress=NO
education: loaded=undefined, progress=NO
service: loaded=undefined, progress=NO
central_deputation: loaded=undefined, progress=NO
training: loaded=undefined, progress=NO
awards: loaded=undefined, progress=NO
disability: loaded=undefined, progress=NO
disciplinary: loaded=undefined, progress=NO
  Generating static pages using 3 workers (54/72)
✓ Generating static pages using 3 workers (72/72) in 1104.7ms
  Finalizing page optimization ...

Route (app)
┌ ○ /
├ ○ /_not-found
├ ○ /add-office
├ ○ /add-officer
├ ○ /add-post
├ ○ /add-section-officer
├ ○ /applications
├ ○ /dashboard
├ ○ /documents
├ ○ /er-profile
├ ○ /er-profile/preview-profile
├ ○ /er-profile/preview-profile2
├ ○ /er-profile/spark-preview
├ ○ /forgot-password
├ ○ /home
├ ○ /login
├ ○ /master-controls/administrative-department
├ ○ /master-controls/cadre
├ ○ /master-controls/category
├ ○ /master-controls/country
├ ○ /master-controls/designation
├ ○ /master-controls/disability
├ ○ /master-controls/district
├ ○ /master-controls/division
├ ○ /master-controls/gender
├ ○ /master-controls/grade
├ ○ /master-controls/implementing-agency
├ ○ /master-controls/language
├ ○ /master-controls/level
├ ○ /master-controls/ministry
├ ○ /master-controls/posting-type
├ ○ /master-controls/qualification
├ ○ /master-controls/recruitment
├ ○ /master-controls/retirement
├ ○ /master-controls/role
├ ○ /master-controls/state
├ ○ /master-controls/tenure
├ ○ /master-controls/training-type
├ ○ /master-controls/user-management
├ ○ /master/administrative-information
├ ○ /master/employment-and-career
├ ○ /master/personal-profile
├ ○ /master/staffing-and-roles
├ ○ /officer-profile
├ ○ /official
├ ○ /official/dashboard
├ ○ /official/dashboard/first-time-logins
├ ○ /official/dashboard/officer-verification-list
├ ○ /official/dashboard/started-er
├ ○ /official/edit-profile
├ ○ /official/pending
├ ○ /official/preview-profile
├ ○ /official/verified
├ ○ /rbac
├ ○ /rbac/actions-management
├ ○ /rbac/dashboard
├ ○ /rbac/menus-management
├ ○ /rbac/pages-management
├ ○ /rbac/resources-management
├ ○ /rbac/role-menu-mapping
├ ○ /rbac/role-page-permissions
├ ○ /rbac/user-menu-override
├ ○ /rbac/user-page-permission-override
├ ○ /reports
├ ○ /services/documents
├ ○ /services/entitlement-claims
├ ○ /services/permissions
├ ○ /services/requests
├ ○ /services/submissions
└ ○ /unauthorized


○  (Static)  prerendered as static content
