
> gad-tailwindui2@0.1.0 dev
> next dev --turbopack

▲ Next.js 16.1.1 (Turbopack)
- Local:         http://localhost:3000
- Network:       http://192.168.0.2:3000

✓ Starting...
✓ Ready in 4.5s
○ Compiling / ...
 GET / 200 in 6.6s (compile: 6.2s, render: 449ms)
 GET /home/ 200 in 2.6s (compile: 2.2s, render: 397ms)
 GET /home/ 200 in 237ms (compile: 23ms, render: 213ms)
 GET /home/ 200 in 130ms (compile: 16ms, render: 114ms)
 GET / 200 in 74ms (compile: 7ms, render: 66ms)
 GET /home/ 200 in 110ms (compile: 4ms, render: 105ms)
 GET /home/ 200 in 79ms (compile: 7ms, render: 73ms)
 GET /home/ 200 in 47ms (compile: 7ms, render: 41ms)
Image with src "/images/secratariate.jpg" is using quality "100" which is not configured in images.qualities [75]. Please update your config to [100, 75].
Read more: https://nextjs.org/docs/messages/next-image-unconfigured-qualities
 GET /home/ 200 in 245ms (compile: 6ms, render: 239ms)
 GET /login/ 200 in 544ms (compile: 257ms, render: 288ms)
 GET /login/ 200 in 99ms (compile: 6ms, render: 92ms)
 GET /home/ 200 in 126ms (compile: 4ms, render: 122ms)
 GET /home/ 200 in 145ms (compile: 5ms, render: 140ms)

🔍 isLoaded check: false
REQUIRED_SECTIONS: [
  'personal',
  'profile_photo',
  'education',
  'service',
  'central_deputation',
  'training',
  'awards',
  'disability',
  'disciplinary'
]
sectionLoaded keys: []
sectionProgress keys: []
personal: loaded=undefined, progress=NO
profile_photo: loaded=undefined, progress=NO
education: loaded=undefined, progress=NO
service: loaded=undefined, progress=NO
central_deputation: loaded=undefined, progress=NO
training: loaded=undefined, progress=NO
awards: loaded=undefined, progress=NO
disability: loaded=undefined, progress=NO
disciplinary: loaded=undefined, progress=NO
 GET /dashboard/ 200 in 3.1s (compile: 2.7s, render: 315ms)
 GET /login/ 200 in 159ms (compile: 5ms, render: 154ms)
 GET /login/ 200 in 120ms (compile: 3ms, render: 117ms)
 GET /login/ 200 in 109ms (compile: 12ms, render: 97ms)
 GET /login/ 200 in 75ms (compile: 11ms, render: 64ms)

🔍 isLoaded check: false
REQUIRED_SECTIONS: [
  'personal',
  'profile_photo',
  'education',
  'service',
  'central_deputation',
  'training',
  'awards',
  'disability',
  'disciplinary'
]
sectionLoaded keys: []
sectionProgress keys: []
personal: loaded=undefined, progress=NO
profile_photo: loaded=undefined, progress=NO
education: loaded=undefined, progress=NO
service: loaded=undefined, progress=NO
central_deputation: loaded=undefined, progress=NO
training: loaded=undefined, progress=NO
awards: loaded=undefined, progress=NO
disability: loaded=undefined, progress=NO
disciplinary: loaded=undefined, progress=NO
 GET /dashboard/ 200 in 92ms (compile: 5ms, render: 87ms)
 GET /login/ 200 in 141ms (compile: 4ms, render: 137ms)
 GET /login/ 200 in 143ms (compile: 8ms, render: 135ms)
 GET /login/ 200 in 137ms (compile: 5ms, render: 131ms)
 GET /login/ 200 in 143ms (compile: 11ms, render: 132ms)
 GET /knowledge-base/user-manual/ 200 in 459ms (compile: 171ms, render: 288ms)
 GET /login/ 200 in 216ms (compile: 11ms, render: 205ms)
 GET /login/ 200 in 206ms (compile: 4ms, render: 202ms)
 GET /login/ 200 in 185ms (compile: 5ms, render: 180ms)
 GET /login/ 200 in 131ms (compile: 6ms, render: 125ms)
○ Compiling /cookie-policy ...
 GET /cookie-policy/ 200 in 9.4s (compile: 8.4s, render: 958ms)
 GET /login/ 200 in 277ms (compile: 31ms, render: 247ms)
 GET /login/ 200 in 182ms (compile: 5ms, render: 176ms)
 GET /login/ 200 in 134ms (compile: 8ms, render: 126ms)
 GET /login/ 200 in 115ms (compile: 11ms, render: 104ms)
